// Jest Snapshot v1, https://goo.gl/fbAQLP

exports[`DeleteEvent.vue Card has been deleted from the database Must match snapshot 1`] = `
<div>
  <div class="row">
    <div class="col">
      <div aria-haspopup="true" aria-expanded="false" class="v-card__title"><span class="v-badge v-badge--icon v-badge--overlap theme--light">
              Your marketplace card has been deleted
            <span class="v-badge__wrapper"><transition-stub name="scale-rotate-transition"><span aria-atomic="true" aria-label="Badge" aria-live="polite" role="status" class="v-badge__badge primary" style="bottom: calc(100% - 8px); left: calc(100% - -2px);"><i aria-hidden="true" class="v-icon notranslate mdi mdi-email theme--light"></i></span></transition-stub></span></span></div><span class="v-tooltip v-tooltip--bottom"><!----></span>
      <div class="v-card__subtitle">
        02 Jan 2021, 01:00
      </div>
    </div>
    <div class="mt-2 col col-auto"><span class="v-tooltip v-tooltip--top"><!----></span> <span class="v-tooltip v-tooltip--top"><!----></span> <span class="v-tooltip v-tooltip--top"><!----></span><button type="button" aria-haspopup="true" aria-expanded="false" class="v-icon notranslate mr-2 v-icon--link mdi mdi-archive-outline theme--light blue--text"></button> <span class="v-tooltip v-tooltip--top"><!----></span><button type="button" aria-haspopup="true" aria-expanded="false" class="v-icon notranslate mr-2 v-icon--link mdi mdi-trash-can theme--light red--text"></button></div>
  </div>
  <div class="v-card__text">
    Your marketplace card "Card title" in the For Sale section has been removed from the marketplace
  </div>
  <!---->
  <div class="row">
    <div class="col"><span class="ml-4 v-chip v-chip--clickable v-chip--label v-chip--no-color theme--light v-size--default white--text" aria-haspopup="true" aria-expanded="false"><span class="v-chip__content"><i aria-hidden="true" class="v-icon notranslate v-icon--left mdi mdi-label theme--light"></i>
            Tag
          </span></span><span class="v-tooltip v-tooltip--bottom"><!----></span></div>
  </div>
  <div class="row no-gutters">
    <div class="col">
      <transition-stub name="expand-transition">
        <div class="mx-auto v-card v-sheet theme--light" style="max-width: 1200px; display: none;">
          <div class="font-weight-medium"><span class="ml-4">
              Change your Tag:
            </span></div>
          <div class="ml-3"><span class="ma-1 v-chip v-chip--clickable v-chip--label theme--light v-size--default none white--text"><span class="v-chip__content"><i aria-hidden="true" class="v-icon notranslate v-icon--left mdi mdi-label theme--light"></i></span></span><span class="ma-1 v-chip v-chip--clickable v-chip--label theme--light v-size--default red white--text"><span class="v-chip__content"><i aria-hidden="true" class="v-icon notranslate v-icon--left mdi mdi-label theme--light"></i></span></span><span class="ma-1 v-chip v-chip--clickable v-chip--label theme--light v-size--default orange white--text"><span class="v-chip__content"><i aria-hidden="true" class="v-icon notranslate v-icon--left mdi mdi-label theme--light"></i></span></span><span class="ma-1 v-chip v-chip--clickable v-chip--label theme--light v-size--default yellow white--text"><span class="v-chip__content"><i aria-hidden="true" class="v-icon notranslate v-icon--left mdi mdi-label theme--light"></i></span></span><span class="ma-1 v-chip v-chip--clickable v-chip--label theme--light v-size--default green white--text"><span class="v-chip__content"><i aria-hidden="true" class="v-icon notranslate v-icon--left mdi mdi-label theme--light"></i></span></span><span class="ma-1 v-chip v-chip--clickable v-chip--label theme--light v-size--default blue white--text"><span class="v-chip__content"><i aria-hidden="true" class="v-icon notranslate v-icon--left mdi mdi-label theme--light"></i></span></span><span class="ma-1 v-chip v-chip--clickable v-chip--label theme--light v-size--default purple white--text"><span class="v-chip__content"><i aria-hidden="true" class="v-icon notranslate v-icon--left mdi mdi-label theme--light"></i></span></span></div>
        </div>
      </transition-stub>
    </div>
  </div>
</div>
`;
