// Jest Snapshot v1, https://goo.gl/fbAQLP

exports[`InterestEvent.vue Matches snapshot 1`] = `
<div>
  <div class="row">
    <div class="col">
      <div aria-haspopup="true" aria-expanded="false" class="v-card__title"><span class="v-badge v-badge--icon v-badge--overlap theme--light">
                An item you have liked has been purchased
              <span class="v-badge__wrapper"><transition-stub name="scale-rotate-transition"><span aria-atomic="true" aria-label="Badge" aria-live="polite" role="status" class="v-badge__badge secondary" style="bottom: calc(100% - 8px); left: calc(100% - -2px);"><i aria-hidden="true" class="v-icon notranslate mdi mdi-email-open theme--light"></i></span></transition-stub></span></span></div><span class="v-tooltip v-tooltip--top"><!----></span>
      <div class="v-card__subtitle">
        14 Sep 2021, 13:29
      </div>
    </div>
    <div class="mt-2 col col-auto"><button type="button" aria-haspopup="true" aria-expanded="false" class="v-icon notranslate mr-2 v-icon--link mdi mdi-star-outline theme--light orange--text"></button><span class="v-tooltip v-tooltip--top"><!----></span> <span class="v-tooltip v-tooltip--top"><!----></span><button type="button" aria-haspopup="true" aria-expanded="false" class="v-icon notranslate mr-2 v-icon--link mdi mdi-archive-outline theme--light blue--text"></button> <span class="v-tooltip v-tooltip--top"><!----></span><button type="button" aria-haspopup="true" aria-expanded="false" class="v-icon notranslate mr-2 v-icon--link mdi mdi-trash-can theme--light red--text"></button></div>
  </div>
  <div class="v-card__text pb-1"><strong>7x Complex Omelette</strong>
    from
    <strong><router-link-stub to="/business/1" class="text--secondary">
        Hillary Cresenct Jewelers
      </router-link-stub></strong>
    has been sold to another user and is no longer available for purchase.
  </div>
  <!---->
  <div class="row">
    <div class="col"><span class="ml-4 v-chip v-chip--clickable v-chip--label theme--light v-size--default none white--text" aria-haspopup="true" aria-expanded="false"><span class="v-chip__content"><i aria-hidden="true" class="v-icon notranslate v-icon--left mdi mdi-label theme--light"></i>
            Tag
          </span></span><span class="v-tooltip v-tooltip--bottom"><!----></span></div>
  </div>
  <div class="row no-gutters">
    <div class="col">
      <transition-stub name="expand-transition">
        <div class="mx-auto v-card v-sheet theme--light" style="max-width: 1200px; display: none;">
          <div class="font-weight-medium"><span class="ml-4">
              Change your Tag:
            </span></div>
          <div class="ml-3"><span class="ma-1 v-chip v-chip--clickable v-chip--label theme--light v-size--default none white--text"><span class="v-chip__content"><i aria-hidden="true" class="v-icon notranslate v-icon--left mdi mdi-label theme--light"></i></span></span><span class="ma-1 v-chip v-chip--clickable v-chip--label theme--light v-size--default red white--text"><span class="v-chip__content"><i aria-hidden="true" class="v-icon notranslate v-icon--left mdi mdi-label theme--light"></i></span></span><span class="ma-1 v-chip v-chip--clickable v-chip--label theme--light v-size--default orange white--text"><span class="v-chip__content"><i aria-hidden="true" class="v-icon notranslate v-icon--left mdi mdi-label theme--light"></i></span></span><span class="ma-1 v-chip v-chip--clickable v-chip--label theme--light v-size--default yellow white--text"><span class="v-chip__content"><i aria-hidden="true" class="v-icon notranslate v-icon--left mdi mdi-label theme--light"></i></span></span><span class="ma-1 v-chip v-chip--clickable v-chip--label theme--light v-size--default green white--text"><span class="v-chip__content"><i aria-hidden="true" class="v-icon notranslate v-icon--left mdi mdi-label theme--light"></i></span></span><span class="ma-1 v-chip v-chip--clickable v-chip--label theme--light v-size--default blue white--text"><span class="v-chip__content"><i aria-hidden="true" class="v-icon notranslate v-icon--left mdi mdi-label theme--light"></i></span></span><span class="ma-1 v-chip v-chip--clickable v-chip--label theme--light v-size--default purple white--text"><span class="v-chip__content"><i aria-hidden="true" class="v-icon notranslate v-icon--left mdi mdi-label theme--light"></i></span></span></div>
        </div>
      </transition-stub>
    </div>
  </div>
</div>
`;
