// Jest Snapshot v1, https://goo.gl/fbAQLP

exports[`KeywordCreated.vue Must match snapshot 1`] = `
<div>
  <div class="delete">
    <div class="float=right ma-1"><button type="button" class="v-icon notranslate deleteButton v-icon--link mdi mdi-trash-can theme--light red--text"></button></div>
    <div class="v-card__title">
      Keyword "TestKeywordName" has been created
    </div>
    <div class="v-card__subtitle">
      02 Jan 2021, 01:00
    </div>
    <div class="v-card__text">
      John Smith has added "TestKeywordName"
    </div>
    <div class="v-card__actions justify-center"><button type="button" class="v-btn v-btn--is-elevated v-btn--has-bg theme--light v-size--default error"><span class="v-btn__content">Remove</span></button></div>
    <!---->
    <!---->
    <div class="row">
      <div class="col"><span class="ma-2 ml-4 mb-3 v-chip v-chip--clickable v-chip--label v-chip--no-color theme--light v-size--default white--text" aria-haspopup="true" aria-expanded="false"><span class="v-chip__content"><i aria-hidden="true" class="v-icon notranslate v-icon--left mdi mdi-label theme--light"></i>
              Tag
            </span></span><span class="v-tooltip v-tooltip--bottom"><!----></span></div>
    </div>
    <div class="row">
      <div class="col">
        <transition-stub name="expand-transition">
          <div class="mx-auto v-card v-sheet theme--light" style="max-width: 1200px; display: none;">
            <div class="font-weight-medium"><span class="ml-4">
                Change your Tag:
              </span></div>
            <div class="ml-3"><span class="ma-1 v-chip v-chip--clickable v-chip--label theme--light v-size--default none white--text"><span class="v-chip__content"><i aria-hidden="true" class="v-icon notranslate v-icon--left mdi mdi-label theme--light"></i></span></span><span class="ma-1 v-chip v-chip--clickable v-chip--label theme--light v-size--default red white--text"><span class="v-chip__content"><i aria-hidden="true" class="v-icon notranslate v-icon--left mdi mdi-label theme--light"></i></span></span><span class="ma-1 v-chip v-chip--clickable v-chip--label theme--light v-size--default orange white--text"><span class="v-chip__content"><i aria-hidden="true" class="v-icon notranslate v-icon--left mdi mdi-label theme--light"></i></span></span><span class="ma-1 v-chip v-chip--clickable v-chip--label theme--light v-size--default yellow white--text"><span class="v-chip__content"><i aria-hidden="true" class="v-icon notranslate v-icon--left mdi mdi-label theme--light"></i></span></span><span class="ma-1 v-chip v-chip--clickable v-chip--label theme--light v-size--default green white--text"><span class="v-chip__content"><i aria-hidden="true" class="v-icon notranslate v-icon--left mdi mdi-label theme--light"></i></span></span><span class="ma-1 v-chip v-chip--clickable v-chip--label theme--light v-size--default blue white--text"><span class="v-chip__content"><i aria-hidden="true" class="v-icon notranslate v-icon--left mdi mdi-label theme--light"></i></span></span><span class="ma-1 v-chip v-chip--clickable v-chip--label theme--light v-size--default purple white--text"><span class="v-chip__content"><i aria-hidden="true" class="v-icon notranslate v-icon--left mdi mdi-label theme--light"></i></span></span></div>
          </div>
        </transition-stub>
      </div>
    </div>
  </div>
</div>
`;
